ubuntu_terminal
ubuntu_terminal
c[?7l[2J[0mSeaBIOS (version ?-20200516_175120-felixonmars2)


iPXE (http://ipxe.org) 00:03.0 CA00 PCI2.10 PnP PMM+07F92850+07EF2850 CA00
Press Ctrl-B to configure iPXE (PCI 00:03.0)...                                                                               


Booting from ROM..[    0.000000] Linux version 2.6.23 (root@096a804d3837) (gcc version 4.4.3 (Ubuntu 4.4.3-4ubuntu5.1) ) #14 SMP Tue Sep 29 22:51:31 UTC 2020
[    0.000000] Command line: console=ttyS0
[    0.000000] BIOS-provided physical RAM map:
[    0.000000]  BIOS-e820: 0000000000000000 - 000000000009fc00 (usable)
[    0.000000]  BIOS-e820: 000000000009fc00 - 00000000000a0000 (reserved)
[    0.000000]  BIOS-e820: 00000000000f0000 - 0000000000100000 (reserved)
[    0.000000]  BIOS-e820: 0000000000100000 - 0000000007fe0000 (usable)
[    0.000000]  BIOS-e820: 0000000007fe0000 - 0000000008000000 (reserved)
[    0.000000]  BIOS-e820: 00000000fffc0000 - 0000000100000000 (reserved)
[    0.000000] end_pfn_map = 1048576
[    0.000000] DMI 2.8 present.
[    0.000000] ACPI: RSDP 000F5B10, 0014 (r0 BOCHS )
[    0.000000] ACPI: RSDT 07FE156F, 0030 (r1 BOCHS  BXPCRSDT        1 BXPC        1)
[    0.000000] ACPI: FACP 07FE144B, 0074 (r1 BOCHS  BXPCFACP        1 BXPC        1)
[    0.000000] ACPI: DSDT 07FE0040, 140B (r1 BOCHS  BXPCDSDT        1 BXPC        1)
[    0.000000] ACPI: FACS 07FE0000, 0040
[    0.000000] ACPI: APIC 07FE14BF, 0078 (r1 BOCHS  BXPCAPIC        1 BXPC        1)
[    0.000000] ACPI: HPET 07FE1537, 0038 (r1 BOCHS  BXPCHPET        1 BXPC        1)
[    0.000000] No NUMA configuration found
[    0.000000] Faking a node at 0000000000000000-0000000007fe0000
[    0.000000] Bootmem setup node 0 0000000000000000-0000000007fe0000
[    0.000000] Zone PFN ranges:
[    0.000000]   DMA             0 ->     4096
[    0.000000]   DMA32        4096 ->  1048576
[    0.000000]   Normal    1048576 ->  1048576
[    0.000000] Movable zone start PFN for each node
[    0.000000] early_node_map[2] active PFN ranges
[    0.000000]     0:        0 ->      159
[    0.000000]     0:      256 ->    32736
[    0.000000] ACPI: PM-Timer IO Port: 0x608
[    0.000000] ACPI: LAPIC (acpi_id[0x00] lapic_id[0x00] enabled)
[    0.000000] Processor #0 (Bootup-CPU)
[    0.000000] ACPI: LAPIC_NMI (acpi_id[0xff] dfl dfl lint[0x1])
[    0.000000] ACPI: IOAPIC (id[0x00] address[0xfec00000] gsi_base[0])
[    0.000000] IOAPIC[0]: apic_id 0, address 0xfec00000, GSI 0-23
[    0.000000] ACPI: INT_SRC_OVR (bus 0 bus_irq 0 global_irq 2 dfl dfl)
[    0.000000] ACPI: INT_SRC_OVR (bus 0 bus_irq 5 global_irq 5 high level)
[    0.000000] ACPI: INT_SRC_OVR (bus 0 bus_irq 9 global_irq 9 high level)
[    0.000000] ACPI: INT_SRC_OVR (bus 0 bus_irq 10 global_irq 10 high level)
[    0.000000] ACPI: INT_SRC_OVR (bus 0 bus_irq 11 global_irq 11 high level)
[    0.000000] Setting APIC routing to flat
[    0.000000] ACPI: HPET id: 0x8086a201 base: 0xfed00000
[    0.000000] Using ACPI (MADT) for SMP configuration information
[    0.000000] swsusp: Registered nosave memory region: 000000000009f000 - 00000000000a0000
[    0.000000] swsusp: Registered nosave memory region: 00000000000a0000 - 00000000000f0000
[    0.000000] swsusp: Registered nosave memory region: 00000000000f0000 - 0000000000100000
[    0.000000] Allocating PCI resources starting at 10000000 (gap: 8000000:f7fc0000)
[    0.000000] SMP: Allowing 1 CPUs, 0 hotplug CPUs
[    0.000000] PERCPU: Allocating 34664 bytes of per cpu data
[    0.000000] Built 1 zonelists in Node order.  Total pages: 30525
[    0.000000] Policy zone: DMA32
[    0.000000] Kernel command line: console=ttyS0
[    0.000000] Initializing CPU#0
[    0.000000] PID hash table entries: 512 (order: 9, 4096 bytes)
[    0.527348] time.c: Detected 1799.681 MHz processor.
[    0.533488] Console: colour VGA+ 80x25
[    0.534396] console [ttyS0] enabled
[    0.544197] Checking aperture...
[    0.546637] Memory: 118412k/130944k available (3411k kernel code, 12144k reserved, 1890k data, 332k init)
[    0.631478] Calibrating delay using timer specific routine.. 3612.89 BogoMIPS (lpj=7225795)
[    0.634312] Dentry cache hash table entries: 16384 (order: 5, 131072 bytes)
[    0.634923] Inode-cache hash table entries: 8192 (order: 4, 65536 bytes)
[    0.635764] Mount-cache hash table entries: 256
[    0.645489] CPU: L1 I Cache: 64K (64 bytes/line), D cache 64K (64 bytes/line)
[    0.645745] CPU: L2 Cache: 512K (64 bytes/line)
[    0.646061] CPU 0/0 -> Node 0
[    0.646340] MCE: warning: using only 10 banks
[    0.647565] SMP alternatives: switching to UP code
[    0.649150] Freeing SMP alternatives: 36k freed
[    0.650618] ACPI: Core revision 20070126
[    0.721682] Using local APIC timer interrupts.
[    0.777404] result 62503467
[    0.777564] Detected 62.503 MHz APIC timer.
[    0.782752] Brought up 1 CPUs
[    0.796335] NET: Registered protocol family 16
[    0.799779] ACPI: bus type pci registered
[    0.801518] PCI: Using configuration type 1
[    0.826709] ACPI: Interpreter enabled
[    0.826993] ACPI: (supports S0 S3 S4 S5)
[    0.827724] ACPI: Using IOAPIC for interrupt routing
[    0.868068] ACPI: PCI Root Bridge [PCI0] (0000:00)
[    0.874072] PCI quirk: region 0600-063f claimed by PIIX4 ACPI
[    0.874338] PCI quirk: region 0700-070f claimed by PIIX4 SMB
[    1.926565] ACPI: PCI Interrupt Link [LNKA] (IRQs 5 *10 11)
[    1.927555] ACPI: PCI Interrupt Link [LNKB] (IRQs 5 *10 11)
[    1.928346] ACPI: PCI Interrupt Link [LNKC] (IRQs 5 10 *11)
[    1.928972] ACPI: PCI Interrupt Link [LNKD] (IRQs 5 10 *11)
[    1.929444] ACPI: PCI Interrupt Link [LNKS] (IRQs *9)
[    1.930712] Linux Plug and Play Support v0.97 (c) Adam Belay
[    1.931130] pnp: PnP ACPI init
[    1.966904] ACPI: bus type pnp registered
[    1.978912] pnp: PnP ACPI: found 11 devices
[    1.979247] ACPI: ACPI bus type pnp unregistered
[    1.982500] SCSI subsystem initialized
[    1.984412] usbcore: registered new interface driver usbfs
[    1.985384] usbcore: registered new interface driver hub
[    1.986372] usbcore: registered new device driver usb
[    1.987176] PCI: Using ACPI for IRQ routing
[    1.987455] PCI: If a device doesn't work, try "pci=routeirq".  If it helps, post a report
[    2.002348] PCI-GART: No AMD northbridge found.
[    2.002975] hpet0: at MMIO 0xfed00000, IRQs 2, 8, 0
[    2.003272] hpet0: 3 64-bit timers, 100000000 Hz
[    2.005333] Time: tsc clocksource has been installed.
[    2.019992] NET: Registered protocol family 2
[    2.082601] IP route cache hash table entries: 1024 (order: 1, 8192 bytes)
[    2.084046] TCP established hash table entries: 4096 (order: 4, 98304 bytes)
[    2.084481] TCP bind hash table entries: 4096 (order: 4, 65536 bytes)
[    2.084974] TCP: Hash tables configured (established 4096 bind 4096)
[    2.085531] TCP reno registered
[    2.101721] checking if image is initramfs... it is
[    2.721883] Freeing initrd memory: 3354k freed
[    2.735395] Total HugeTLB memory allocated, 0
[    2.739402] Installing knfsd (copyright (C) 1996 okir@monad.swb.de).
[    2.741713] io scheduler noop registered
[    2.741927] io scheduler deadline registered
[    2.742206] io scheduler cfq registered (default)
[    2.742570] Limiting direct PCI/PCI transfers.
[    2.742856] PCI: PIIX3: Enabling Passive Release on 0000:00:01.0
[    2.743317] Activating ISA DMA hang workarounds.
[    2.748362] input: Power Button (FF) as /class/input/input0
[    2.748677] ACPI: Power Button (FF) [PWRF]
[    2.883647] Real Time Clock Driver v1.12ac
[    2.885375] Linux agpgart interface v0.102
[    2.885982] Serial: 8250/16550 driver $Revision: 1.90 $ 4 ports, IRQ sharing disabled
[    2.888009] serial8250: ttyS0 at I/O 0x3f8 (irq = 4) is a 16550A
[    2.893466] 00:06: ttyS0 at I/O 0x3f8 (irq = 4) is a 16550A
[    2.896316] Floppy drive(s): fd0 is 2.88M AMI BIOS
[    2.913244] FDC 0 is a S82078B
[    2.917061] RAMDISK driver initialized: 16 RAM disks of 4096K size 1024 blocksize
[    2.918553] loop: module loaded
[    2.918672] Intel(R) PRO/1000 Network Driver - version 7.3.20-k2
[    2.918847] Copyright (c) 1999-2006 Intel Corporation.
[    2.921048] ACPI: PCI Interrupt Link [LNKC] enabled at IRQ 11
[    2.921318] ACPI: PCI Interrupt 0000:00:03.0[A] -> Link [LNKC] -> GSI 11 (level, high) -> IRQ 11
[    3.222793] e1000: 0000:00:03.0: e1000_probe: (PCI:33MHz:32-bit) 52:54:00:12:34:56
[    3.283117] e1000: eth0: e1000_probe: Intel(R) PRO/1000 Network Connection
[    3.284397] e100: Intel(R) PRO/100 Network Driver, 3.5.23-k4-NAPI
[    3.284651] e100: Copyright(c) 1999-2006 Intel Corporation
[    3.286668] forcedeth.c: Reverse Engineered nForce ethernet driver. Version 0.60.
[    3.287674] tun: Universal TUN/TAP device driver, 1.6
[    3.287890] tun: (C) 1999-2004 Max Krasnyansky <maxk@qualcomm.com>
[    3.288821] netconsole: not configured, aborting
[    3.289172] Uniform Multi-Platform E-IDE driver Revision: 7.00alpha2
[    3.289603] ide: Assuming 33MHz system bus speed for PIO modes; override with idebus=xx
[    3.290910] PIIX3: IDE controller at PCI slot 0000:00:01.1
[    3.291407] PIIX3: chipset revision 0
[    3.291700] PIIX3: not 100% native mode: will probe irqs later
[    3.292893]     ide0: BM-DMA at 0xc040-0xc047, BIOS settings: hda:pio, hdb:pio
[    3.294012]     ide1: BM-DMA at 0xc048-0xc04f, BIOS settings: hdc:pio, hdd:pio
[    4.641746] hdc: QEMU DVD-ROM, ATAPI CD/DVD-ROM drive
[    5.314122] ide1 at 0x170-0x177,0x376 on irq 15
[    5.888353] hdc: ATAPI 4X DVD-ROM drive, 512kB Cache, (U)DMA
[    5.889014] Uniform CD-ROM driver Revision: 3.20
[    5.895536] Fusion MPT base driver 3.04.05
[    5.895758] Copyright (c) 1999-2007 LSI Logic Corporation
[    5.896123] Fusion MPT SPI Host driver 3.04.05
[    5.899057] ieee1394: raw1394: /dev/raw1394 device initialized
[    5.901962] USB Universal Host Controller Interface driver v3.0
[    5.902738] usbcore: registered new interface driver usblp
[    5.902978] Initializing USB Mass Storage driver...
[    5.903439] usbcore: registered new interface driver usb-storage
[    5.903821] USB Mass Storage support registered.
[    5.904747] PNP: PS/2 Controller [PNP0303:KBD,PNP0f13:MOU] at 0x60,0x64 irq 1,12
[    5.906768] serio: i8042 KBD port at 0x60,0x64 irq 1
[    5.907053] serio: i8042 AUX port at 0x60,0x64 irq 12
[    5.908483] mice: PS/2 mouse device common for all mice
[    5.910831] input: AT Translated Set 2 keyboard as /class/input/input1
[    5.913714] device-mapper: ioctl: 4.11.0-ioctl (2006-10-12) initialised: dm-devel@redhat.com
[    5.914445] usbcore: registered new interface driver usbhid
[    5.914636] drivers/hid/usbhid/hid-core.c: v2.6:USB HID core driver
[    5.915304] oprofile: using NMI interrupt.
[    5.915709] TCP cubic registered
[    5.915858] NET: Registered protocol family 1
[    5.916235] NET: Registered protocol family 10
[    5.918743] IPv6 over IPv4 tunneling driver
[    5.919567] NET: Registered protocol family 17
[    5.920314] powernow-k8: Processor cpuid 663 not supported
[    5.922319] Freeing unused kernel memory: 332k freed
[    6.113580] input: ImExPS/2 Generic Explorer Mouse as /class/input/input2
0 is done
real	0m 11.77s
user	0m 3.18s
sys	0m 0.00s
1 is done
real	1m 7.06s
user	0m 17.48s
sys	0m 0.01s
2 is done
real	5m 33.45s
user	1m 26.91s
sys	0m 0.08s
prolaz 0
0 is done
real	0m 12.88s
user	0m 3.35s
sys	0m 0.01s
1 is done
real	0m 23.18s
user	0m 3.62s
sys	0m 0.00s
2 is done
real	0m 29.77s
user	0m 3.32s
sys	0m 0.00s
3 is done
real	0m 36.92s
user	0m 3.20s
sys	0m 0.00s
4 is done
real	0m 45.51s
user	0m 3.24s
sys	0m 0.00s
5 is done
real	0m 53.07s
user	0m 3.19s
sys	0m 0.00s
0 is done
real	3m 38.14s
user	0m 18.13s
sys	0m 0.02s
6 is done
real	0m 58.06s
user	0m 3.13s
sys	0m 0.00s
1 is done
real	4m 13.99s
user	0m 17.58s
sys	0m 0.02s
7 is done
real	1m 3.06s
user	0m 3.19s
sys	0m 0.00s
2 is done
real	4m 49.13s
user	0m 17.43s
sys	0m 0.04s
8 is done
real	1m 7.66s
user	0m 3.21s
sys	0m 0.01s
3 is done
real	5m 20.06s
user	0m 17.36s
sys	0m 0.04s
9 is done
real	1m 10.29s
user	0m 3.14s
sys	0m 0.01s
4 is done
real	5m 44.36s
user	0m 17.26s
sys	0m 0.03s
5 is done
real	6m 6.37s
user	0m 17.54s
sys	0m 0.02s
6 is done
real	6m 4.02s
user	0m 17.13s
sys	0m 0.01s
7 is done
real	6m 5.26s
user	0m 17.27s
sys	0m 0.04s
8 is done
real	5m 53.37s
user	0m 17.19s
sys	0m 0.02s
9 is done
real	5m 33.06s
user	0m 17.03s
sys	0m 0.03s
0 is done
real	23m 8.60s
user	1m 25.83s
sys	0m 0.17s
1 is done
real	23m 28.25s
user	1m 25.30s
sys	0m 0.14s
2 is done
real	23m 42.39s
user	1m 25.42s
sys	0m 0.10s
3 is done
real	23m 39.53s
user	1m 25.10s
sys	0m 0.15s
4 is done
real	23m 22.59s
user	1m 24.70s
sys	0m 0.14s
5 is done
real	22m 56.00s
user	1m 24.51s
sys	0m 0.10s
6 is done
real	22m 26.16s
user	1m 24.99s
sys	0m 0.14s
7 is done
real	21m 43.34s
user	1m 25.04s
sys	0m 0.09s
8 is done
real	20m 50.39s
user	1m 24.66s
sys	0m 0.13s
9 is done
real	19m 53.76s
user	1m 25.01s
sys	0m 0.17s
prolaz 1
0 is done
real	0m 11.64s
user	0m 3.03s
sys	0m 0.01s
1 is done
real	0m 19.82s
user	0m 3.11s
sys	0m 0.00s
2 is done
real	0m 27.96s
user	0m 3.12s
sys	0m 0.00s
3 is done
real	0m 35.73s
user	0m 3.10s
sys	0m 0.00s
4 is done
real	0m 43.94s
user	0m 3.12s
sys	0m 0.00s
5 is done
real	0m 52.48s
user	0m 3.15s
sys	0m 0.00s
0 is done
real	3m 28.36s
user	0m 17.08s
sys	0m 0.02s
6 is done
real	0m 57.60s
user	0m 3.12s
sys	0m 0.00s
1 is done
real	4m 9.01s
user	0m 17.14s
sys	0m 0.01s
7 is done
real	1m 2.83s
user	0m 3.17s
sys	0m 0.00s
2 is done
real	4m 44.82s
user	0m 17.14s
sys	0m 0.02s
8 is done
real	1m 7.24s
user	0m 3.20s
sys	0m 0.00s
3 is done
real	5m 16.83s
user	0m 17.14s
sys	0m 0.04s
9 is done
real	1m 9.32s
user	0m 3.11s
sys	0m 0.00s
4 is done
real	5m 41.49s
user	0m 17.12s
sys	0m 0.02s
5 is done
real	5m 56.36s
user	0m 17.05s
sys	0m 0.03s
6 is done
real	6m 3.25s
user	0m 17.09s
sys	0m 0.03s
7 is done
real	5m 59.24s
user	0m 16.99s
sys	0m 0.03s
8 is done
real	5m 50.89s
user	0m 17.09s
sys	0m 0.03s
9 is done
real	5m 31.23s
user	0m 16.99s
sys	0m 0.01s
0 is done
real	23m 13.48s
user	1m 25.84s
sys	0m 0.15s
1 is done
real	23m 49.97s
user	1m 26.76s
sys	0m 0.11s
2 is done
real	23m 45.43s
user	1m 25.43s
sys	0m 0.14s
3 is done
real	23m 44.14s
user	1m 25.37s
sys	0m 0.10s
4 is done
real	23m 35.97s
user	1m 25.72s
sys	0m 0.12s
5 is done
real	23m 8.96s
user	1m 25.40s
sys	0m 0.14s
6 is done
real	22m 36.27s
user	1m 25.54s
sys	0m 0.12s
7 is done
real	21m 52.57s
user	1m 25.39s
sys	0m 0.09s
8 is done
real	21m 1.55s
user	1m 25.34s
sys	0m 0.14s
9 is done
real	20m 5.12s
user	1m 25.55s
sys	0m 0.13s
prolaz 2
0 is done
real	0m 11.98s
user	0m 3.13s
sys	0m 0.00s
1 is done
real	0m 20.50s
user	0m 3.21s
sys	0m 0.00s
2 is done
real	0m 27.41s
user	0m 3.06s
sys	0m 0.00s
3 is done
real	0m 36.77s
user	0m 3.19s
sys	0m 0.00s
4 is done
real	0m 44.01s
user	0m 3.13s
sys	0m 0.00s
5 is done
real	0m 51.83s
user	0m 3.12s
sys	0m 0.00s
0 is done
real	3m 25.85s
user	0m 17.00s
sys	0m 0.04s
6 is done
real	0m 57.85s
user	0m 3.14s
sys	0m 0.00s
1 is done
real	4m 6.72s
user	0m 17.04s
sys	0m 0.01s
7 is done
real	1m 2.15s
user	0m 3.14s
sys	0m 0.00s
2 is done
real	4m 42.93s
user	0m 17.11s
sys	0m 0.02s
8 is done
real	1m 4.84s
user	0m 3.08s
sys	0m 0.00s
3 is done
real	5m 13.07s
user	0m 17.01s
sys	0m 0.03s
9 is done
real	1m 10.68s
user	0m 3.16s
sys	0m 0.01s
4 is done
real	5m 39.52s
user	0m 17.04s
sys	0m 0.02s
5 is done
real	5m 58.06s
user	0m 17.16s
sys	0m 0.03s
7 is done
real	6m 4.00s
user	0m 17.04s
sys	0m 0.03s
6 is done
real	7m 41.55s
user	0m 22.04s
sys	0m 0.04s
8 is done
real	5m 53.91s
user	0m 16.89s
sys	0m 0.02s
9 is done
real	5m 38.26s
user	0m 17.04s
sys	0m 0.02s
1 is done
real	23m 36.75s
user	1m 25.22s
sys	0m 0.14s
2 is done
real	23m 51.70s
user	1m 25.19s
sys	0m 0.12s
3 is done
real	23m 50.51s
user	1m 24.79s
sys	0m 0.10s
4 is done
real	23m 46.90s
user	1m 25.17s
sys	0m 0.09s
5 is done
real	23m 29.96s
user	1m 25.41s
sys	0m 0.16s
6 is done
real	22m 56.66s
user	1m 25.06s
sys	0m 0.10s
7 is done
real	22m 20.75s
user	1m 25.29s
sys	0m 0.16s
0 is done
real	27m 36.96s
user	1m 49.70s
sys	0m 0.14s
8 is done
real	21m 34.93s
user	1m 25.34s
sys	0m 0.14s
9 is done
real	20m 37.16s
user	1m 25.54s
sys	0m 0.15s
prolaz 3
0 is done
real	0m 11.90s
user	0m 3.11s
sys	0m 0.00s
1 is done
real	0m 20.14s
user	0m 3.15s
sys	0m 0.00s
2 is done
real	0m 28.07s
user	0m 3.14s
sys	0m 0.00s
3 is done
real	0m 36.07s
user	0m 3.13s
sys	0m 0.00s
4 is done
real	0m 43.60s
user	0m 3.10s
sys	0m 0.00s
5 is done
real	0m 51.19s
user	0m 3.08s
sys	0m 0.00s
0 is done
real	3m 27.06s
user	0m 17.06s
sys	0m 0.02s
6 is done
real	0m 57.26s
user	0m 3.09s
sys	0m 0.00s
1 is done
real	4m 6.95s
user	0m 17.04s
sys	0m 0.02s
7 is done
real	1m 1.74s
user	0m 3.12s
sys	0m 0.00s
2 is done
real	4m 41.91s
user	0m 16.97s
sys	0m 0.04s
8 is done
real	1m 5.59s
user	0m 3.10s
sys	0m 0.02s
3 is done
real	5m 11.52s
user	0m 16.90s
sys	0m 0.02s
9 is done
real	1m 8.86s
user	0m 3.09s
sys	0m 0.00s
5 is done
real	5m 59.98s
user	0m 17.02s
sys	0m 0.03s
4 is done
real	7m 29.34s
user	0m 21.86s
sys	0m 0.02s
6 is done
real	6m 6.02s
user	0m 16.90s
sys	0m 0.03s
7 is done
real	6m 7.11s
user	0m 17.07s
sys	0m 0.02s
8 is done
real	5m 56.49s
user	0m 17.05s
sys	0m 0.01s
9 is done
real	5m 41.09s
user	0m 17.17s
sys	0m 0.03s
0 is done
real	23m 15.68s
user	1m 25.69s
sys	0m 0.10s
2 is done
real	24m 4.63s
user	1m 26.28s
sys	0m 0.12s
1 is done
real	25m 49.53s
user	1m 35.38s
sys	0m 0.12s
5 is done
real	23m 47.04s
user	1m 26.11s
sys	0m 0.15s
6 is done
real	23m 19.59s
user	1m 25.98s
sys	0m 0.13s
7 is done
real	22m 47.10s
user	1m 26.10s
sys	0m 0.16s
8 is done
real	22m 3.70s
user	1m 25.94s
sys	0m 0.11s
9 is done
real	21m 17.69s
user	1m 26.44s
sys	0m 0.10s
prolaz 4
0 is done
real	0m 19.84s
user	0m 3.10s
sys	0m 0.00s
3 is done
real	27m 50.92s
user	1m 50.83s
sys	0m 0.18s
1 is done
real	0m 28.11s
user	0m 3.20s
sys	0m 0.00s
4 is done
real	27m 41.70s
user	1m 51.17s
sys	0m 0.21s
2 is done
real	0m 33.30s
user	0m 3.29s
sys	0m 0.00s
3 is done
real	0m 36.71s
user	0m 3.19s
sys	0m 0.00s
4 is done
real	0m 44.17s
user	0m 3.15s
sys	0m 0.00s
5 is done
real	0m 52.40s
user	0m 3.15s
sys	0m 0.00s
0 is done
real	3m 41.36s
user	0m 17.34s
sys	0m 0.02s
6 is done
real	0m 58.22s
user	0m 3.15s
sys	0m 0.00s
1 is done
real	4m 14.57s
user	0m 17.36s
sys	0m 0.02s
7 is done
real	1m 1.64s
user	0m 3.12s
sys	0m 0.00s
8 is done
real	1m 8.74s
user	0m 3.16s
sys	0m 0.00s
3 is done
real	5m 22.11s
user	0m 17.23s
sys	0m 0.02s
9 is done
real	1m 15.04s
user	0m 3.17s
sys	0m 0.00s
2 is done
real	6m 41.40s
user	0m 22.27s
sys	0m 0.01s
4 is done
real	5m 52.05s
user	0m 17.30s
sys	0m 0.02s
5 is done
real	6m 9.03s
user	0m 17.32s
sys	0m 0.03s
6 is done
real	6m 15.56s
user	0m 17.34s
sys	0m 0.02s
7 is done
real	6m 12.81s
user	0m 17.32s
sys	0m 0.02s
8 is done
real	5m 58.88s
user	0m 17.21s
sys	0m 0.03s
9 is done
real	5m 36.79s
user	0m 17.22s
sys	0m 0.02s
0 is done
real	23m 37.54s
user	1m 26.32s
sys	0m 0.14s
1 is done
real	23m 54.42s
user	1m 26.34s
sys	0m 0.12s
2 is done
real	24m 0.78s
user	1m 26.15s
sys	0m 0.12s
3 is done
real	24m 1.96s
user	1m 26.24s
sys	0m 0.16s
4 is done
real	23m 52.50s
user	1m 26.47s
sys	0m 0.18s
5 is done
real	23m 25.89s
user	1m 26.26s
sys	0m 0.12s
6 is done
real	22m 53.41s
user	1m 26.42s
sys	0m 0.16s
7 is done
real	22m 11.48s
user	1m 26.42s
sys	0m 0.13s
8 is done
real	21m 17.32s
user	1m 26.11s
sys	0m 0.12s
9 is done
real	20m 15.03s
user	1m 26.25s
sys	0m 0.14s
prolaz 5
0 is done
real	0m 11.82s
user	0m 3.08s
sys	0m 0.00s
1 is done
real	0m 19.58s
user	0m 3.05s
sys	0m 0.00s
2 is done
real	0m 29.18s
user	0m 3.26s
sys	0m 0.00s
3 is done
real	0m 36.77s
user	0m 3.19s
sys	0m 0.00s
4 is done
real	0m 45.58s
user	0m 3.24s
sys	0m 0.00s
5 is done
real	0m 53.21s
user	0m 3.20s
sys	0m 0.00s
0 is done
real	3m 30.75s
user	0m 17.31s
sys	0m 0.01s
6 is done
real	0m 58.23s
user	0m 3.16s
sys	0m 0.00s
1 is done
real	4m 9.84s
user	0m 17.32s
sys	0m 0.04s
7 is done
real	1m 3.15s
user	0m 3.20s
sys	0m 0.00s
2 is done
real	4m 47.40s
user	0m 17.35s
sys	0m 0.04s
8 is done
real	1m 5.24s
user	0m 3.09s
sys	0m 0.01s
3 is done
real	5m 18.90s
user	0m 17.33s
sys	0m 0.03s
9 is done
real	1m 10.76s
user	0m 3.18s
sys	0m 0.00s
4 is done
real	5m 43.58s
user	0m 17.24s
sys	0m 0.02s
5 is done
real	5m 59.23s
user	0m 17.18s
sys	0m 0.05s
6 is done
real	6m 3.89s
user	0m 17.13s
sys	0m 0.02s
7 is done
real	6m 4.38s
user	0m 17.23s
sys	0m 0.04s
8 is done
real	5m 55.55s
user	0m 17.32s
sys	0m 0.02s
9 is done
real	5m 36.58s
user	0m 17.25s
sys	0m 0.03s
0 is done
real	23m 27.14s
user	1m 26.72s
sys	0m 0.16s
1 is done
real	23m 48.85s
user	1m 26.63s
sys	0m 0.13s
2 is done
real	23m 59.96s
user	1m 26.51s
sys	0m 0.15s
3 is done
real	23m 57.42s
user	1m 26.31s
sys	0m 0.14s
4 is done
real	23m 50.10s
user	1m 26.76s
sys	0m 0.16s
5 is done
real	23m 20.73s
user	1m 26.23s
sys	0m 0.17s
6 is done
real	22m 48.44s
user	1m 26.48s
sys	0m 0.15s
7 is done
real	22m 5.24s
user	1m 26.45s
sys	0m 0.13s
8 is done
real	21m 15.28s
user	1m 26.31s
sys	0m 0.14s
9 is done
real	20m 16.96s
user	1m 26.42s
sys	0m 0.13s
prolaz 6
0 is done
real	0m 12.55s
user	0m 3.28s
sys	0m 0.00s
1 is done
real	0m 19.96s
user	0m 3.12s
sys	0m 0.00s
2 is done
real	0m 27.69s
user	0m 3.09s
sys	0m 0.00s
3 is done
real	0m 36.16s
user	0m 3.13s
sys	0m 0.01s
4 is done
real	0m 43.99s
user	0m 3.13s
sys	0m 0.00s
5 is done
real	0m 53.26s
user	0m 3.20s
sys	0m 0.00s
6 is done
real	1m 1.73s
user	0m 3.22s
sys	0m 0.00s
1 is done
real	4m 12.78s
user	0m 17.14s
sys	0m 0.02s
0 is done
real	5m 9.92s
user	0m 22.08s
sys	0m 0.02s
7 is done
real	1m 8.94s
user	0m 3.28s
sys	0m 0.01s
2 is done
real	4m 56.57s
user	0m 17.44s
sys	0m 0.03s
8 is done
real	1m 6.37s
user	0m 3.14s
sys	0m 0.01s
3 is done
real	5m 26.23s
user	0m 17.36s
sys	0m 0.01s
9 is done
real	1m 10.62s
user	0m 3.16s
sys	0m 0.00s
4 is done
real	5m 55.23s
user	0m 17.50s
sys	0m 0.02s
6 is done
real	6m 13.92s
user	0m 17.21s
sys	0m 0.04s
5 is done
real	7m 53.41s
user	0m 22.30s
sys	0m 0.02s
7 is done
real	6m 11.65s
user	0m 17.30s
sys	0m 0.02s
8 is done
real	6m 0.91s
user	0m 17.26s
sys	0m 0.02s
9 is done
real	5m 42.97s
user	0m 17.28s
sys	0m 0.01s
0 is done
real	23m 35.99s
user	1m 26.40s
sys	0m 0.14s
1 is done
real	24m 0.09s
user	1m 26.39s
sys	0m 0.14s
2 is done
real	24m 9.43s
user	1m 26.25s
sys	0m 0.10s
3 is done
real	24m 10.94s
user	1m 26.30s
sys	0m 0.17s
4 is done
real	23m 59.79s
user	1m 26.46s
sys	0m 0.10s
5 is done
real	23m 33.30s
user	1m 26.21s
sys	0m 0.15s
7 is done
real	22m 10.78s
user	1m 26.06s
sys	0m 0.08s
8 is done
real	21m 25.53s
user	1m 26.19s
sys	0m 0.11s
9 is done
real	20m 32.15s
user	1m 26.36s
sys	0m 0.14s
prolaz 7
0 is done
real	0m 17.53s
user	0m 3.43s
sys	0m 0.00s
1 is done
real	0m 25.21s
user	0m 3.28s
sys	0m 0.00s
6 is done
real	24m 58.37s
user	1m 44.43s
sys	0m 0.10s
2 is done
real	0m 31.39s
user	0m 3.26s
sys	0m 0.00s
3 is done
real	0m 37.72s
user	0m 3.28s
sys	0m 0.00s
4 is done
real	0m 45.68s
user	0m 3.24s
sys	0m 0.00s
5 is done
real	0m 52.98s
user	0m 3.19s
sys	0m 0.00s
0 is done
real	3m 41.33s
user	0m 17.71s
sys	0m 0.01s
6 is done
real	0m 58.74s
user	0m 3.17s
sys	0m 0.00s
1 is done
real	4m 17.92s
user	0m 17.64s
sys	0m 0.02s
7 is done
real	1m 2.08s
user	0m 3.14s
sys	0m 0.00s
2 is done
real	4m 51.57s
user	0m 17.56s
sys	0m 0.03s
8 is done
real	1m 7.76s
user	0m 3.21s
sys	0m 0.00s
3 is done
real	5m 23.23s
user	0m 17.50s
sys	0m 0.00s
9 is done
real	1m 11.98s
user	0m 3.22s
sys	0m 0.00s
4 is done
real	5m 50.45s
user	0m 17.49s
sys	0m 0.03s
5 is done
real	6m 8.22s
user	0m 17.55s
sys	0m 0.04s
6 is done
real	6m 12.29s
user	0m 17.47s
sys	0m 0.02s
7 is done
real	6m 9.47s
user	0m 17.43s
sys	0m 0.03s
8 is done
real	5m 58.26s
user	0m 17.39s
sys	0m 0.02s
9 is done
real	5m 38.82s
user	0m 17.35s
sys	0m 0.02s
0 is done
real	24m 49.59s
user	1m 31.56s
sys	0m 0.17s
1 is done
real	25m 45.02s
user	1m 33.96s
sys	0m 0.17s
2 is done
real	26m 35.39s
user	1m 36.94s
sys	0m 0.22s
3 is done
real	27m 5.20s
user	1m 39.49s
sys	0m 0.24s
4 is done
real	27m 18.49s
user	1m 41.89s
sys	0m 0.30s
5 is done
real	27m 18.22s
user	1m 44.55s
sys	0m 0.26s
6 is done
real	27m 2.83s
user	1m 46.97s
sys	0m 0.28s
7 is done
real	26m 42.51s
user	1m 50.33s
sys	0m 0.28s
8 is done
real	26m 2.94s
user	1m 52.55s
sys	0m 0.29s
9 is done
real	25m 14.93s
user	1m 55.43s
sys	0m 0.38s
prolaz 8
0 is done
real	0m 17.76s
user	0m 4.58s
sys	0m 0.00s
1 is done
real	0m 38.76s
user	0m 5.98s
sys	0m 0.02s
2 is done
real	0m 57.15s
user	0m 6.27s
sys	0m 0.03s
3 is done
real	1m 5.63s
user	0m 5.62s
sys	0m 0.03s
4 is done
real	1m 25.44s
user	0m 5.98s
sys	0m 0.02s
5 is done
real	1m 30.94s
user	0m 5.40s
sys	0m 0.01s
0 is done
real	7m 21.31s
user	0m 34.64s
sys	0m 0.08s
6 is done
real	1m 50.45s
user	0m 5.69s
sys	0m 0.02s
1 is done
real	7m 41.74s
user	0m 31.46s
sys	0m 0.12s
7 is done
real	1m 47.34s
user	0m 5.36s
sys	0m 0.02s
2 is done
real	8m 33.51s
user	0m 30.49s
sys	0m 0.11s
8 is done
real	2m 2.45s
user	0m 5.74s
sys	0m 0.03s
3 is done
real	9m 38.58s
user	0m 30.84s
sys	0m 0.14s
9 is done
real	2m 11.91s
user	0m 5.83s
sys	0m 0.02s
4 is done
real	10m 14.86s
user	0m 30.25s
sys	0m 0.12s
5 is done
real	10m 50.07s
user	0m 30.54s
sys	0m 0.14s
6 is done
real	10m 58.83s
user	0m 30.59s
sys	0m 0.14s
7 is done
real	11m 7.60s
user	0m 31.19s
sys	0m 0.16s
8 is done
real	10m 52.30s
user	0m 31.36s
sys	0m 0.12s
9 is done
real	11m 59.65s
user	0m 37.37s
sys	0m 0.15s
0 is done
real	43m 16.99s
user	2m 37.70s
sys	0m 0.80s
1 is done
real	44m 5.68s
user	2m 37.69s
sys	0m 0.72s
2 is done
real	44m 21.69s
user	2m 36.94s
sys	0m 0.65s
3 is done
real	44m 9.71s
user	2m 36.24s
sys	0m 0.73s
4 is done
real	43m 42.22s
user	2m 35.92s
sys	0m 0.67s
5 is done
real	43m 4.81s
user	2m 36.43s
sys	0m 0.63s
6 is done
real	41m 55.64s
user	2m 36.03s
sys	0m 0.58s
7 is done
real	40m 44.12s
user	2m 36.17s
sys	0m 0.68s
9 is done
real	37m 24.51s
user	2m 35.21s
sys	0m 0.61s
prolaz 9
0 is done
real	0m 27.26s
user	0m 5.26s
sys	0m 0.01s
1 is done
real	0m 49.54s
user	0m 6.36s
sys	0m 0.02s
2 is done
real	0m 50.47s
user	0m 4.87s
sys	0m 0.02s
3 is done
real	1m 16.75s
user	0m 5.92s
sys	0m 0.02s
4 is done
real	1m 27.98s
user	0m 5.64s
sys	0m 0.03s
5 is done
real	1m 43.58s
user	0m 5.70s
sys	0m 0.03s
8 is done
real	46m 58.51s
user	3m 16.93s
sys	0m 0.87s
0 is done
real	6m 56.64s
user	0m 30.80s
sys	0m 0.15s
6 is done
real	1m 45.42s
user	0m 5.48s
sys	0m 0.02s
1 is done
real	8m 0.00s
user	0m 30.28s
sys	0m 0.13s
7 is done
real	1m 59.96s
user	0m 5.96s
sys	0m 0.04s
2 is done
real	9m 10.71s
user	0m 31.29s
sys	0m 0.16s
8 is done
real	1m 59.95s
user	0m 5.62s
sys	0m 0.03s
3 is done
real	10m 3.99s
user	0m 31.25s
sys	0m 0.16s
9 is done
real	2m 17.41s
user	0m 6.06s
sys	0m 0.03s
4 is done
real	10m 46.41s
user	0m 31.36s
sys	0m 0.15s
5 is done
real	10m 54.81s
user	0m 30.80s
sys	0m 0.12s
6 is done
real	11m 15.66s
user	0m 31.41s
sys	0m 0.10s
7 is done
real	11m 11.18s
user	0m 31.32s
sys	0m 0.16s
8 is done
real	10m 55.35s
user	0m 31.45s
sys	0m 0.14s
9 is done
real	10m 18.38s
user	0m 31.33s
sys	0m 0.16s
0 is done
real	43m 4.63s
user	2m 34.56s
sys	0m 0.68s
1 is done
real	44m 38.36s
user	2m 38.25s
sys	0m 0.64s
2 is done
real	45m 43.26s
user	2m 42.15s
sys	0m 0.80s
3 is done
real	45m 59.06s
user	2m 44.22s
sys	0m 0.64s
4 is done
real	46m 10.11s
user	2m 48.00s
sys	0m 0.79s
5 is done
real	45m 35.26s
user	2m 49.81s
sys	0m 0.80s
6 is done
real	44m 54.64s
user	2m 52.65s
sys	0m 0.77s
7 is done
real	43m 58.60s
user	2m 56.47s
sys	0m 0.85s
8 is done
real	42m 46.94s
user	3m 0.12s
sys	0m 0.78s
9 is done
real	40m 58.30s
user	3m 1.30s
sys	0m 0.84s
0 is done
real	0m 29.09s
user	0m 7.43s
sys	0m 0.03s
1 is done
real	3m 16.34s
user	0m 50.24s
sys	0m 0.17s
2 is done
real	18m 18.20s
user	4m 40.20s
sys	0m 1.21s
[21873.158285] Kernel panic - not syncing: Attempted to kill init!
